[jichel.me/index.html]
[backblue.gif]
[fade.gif]
[index.html]
[www.jichel.me/wp-includes/js/jquery/jquery.js]
[www.jichel.me/wp-includes/js/jquery/jquery-migrate.min.js]
[www.jichel.me/wp-content/plugins/LayerSlider/static/layerslider/js/greensock.js]
[www.jichel.me/wp-content/plugins/LayerSlider/static/layerslider/js/layerslider.kreaturamedia.jquery.js]
[www.jichel.me/wp-content/plugins/LayerSlider/static/layerslider/js/layerslider.transitions.js]
[www.jichel.me/wp-content/plugins/revslider/public/assets/js/jquery.themepunch.tools.min.js]
[www.jichel.me/wp-content/plugins/revslider/public/assets/js/jquery.themepunch.revolution.min.js]
[www.jichel.me/wp-content/plugins/wp-advanced-pdf/asset/js/ajaxsave.js]
[www.jichel.me/wp-content/uploads/2018/03/cropped-JS03-32x32.jpg]
[www.jichel.me/wp-content/uploads/2018/03/cropped-JS03-192x192.jpg]
[www.jichel.me/wp-content/uploads/2018/03/cropped-JS03-180x180.jpg]
[www.jichel.me/wp-content/uploads/2018/03/JS_Final01-e1521676088660.png]
[www.jichel.me/wp-content/uploads/2018/11/aia-pale-red.jpg]
[www.jichel.me/wp-content/uploads/2019/01/johnny-cupcakes-new.jpg]
[www.jichel.me/wp-content/uploads/2018/11/lavelle-networks-orange.jpg]
[www.jichel.me/wp-content/uploads/2018/11/webheay-purple.jpg]
[www.jichel.me/wp-content/uploads/2018/11/vape-1000-pink.jpg]
[www.jichel.me/wp-content/uploads/2018/11/economad-blue.jpg]
[www.jichel.me/wp-content/uploads/2018/11/lovely-beards-teal.jpg]
[www.jichel.me/wp-content/uploads/2019/01/logo.png]
[www.jichel.me/wp-includes/js/thickbox/thickbox.js]
[www.jichel.me/wp-content/plugins/contact-form-7/includes/js/scripts.js]
[www.jichel.me/wp-content/themes/creativo/js/plugins.js]
[www.jichel.me/wp-content/themes/creativo/js/main.js]
[www.jichel.me/wp-content/themes/creativo/js/custom.js]
[www.jichel.me/wp-content/plugins/page-links-to/dist/new-tab.js]
[www.jichel.me/wp-includes/js/wp-embed.min.js]
[www.jichel.me/wp-content/plugins/js_composer/assets/js/dist/js_composer_front.min.js]
[img1.wsimg.com/tcc/tcc_l.combined.1.0.6.min.js]
[jichel.me/index.html]
[www.jichel.me/wp-includes/css/dashicons.min.css]
[www.jichel.me/wp-includes/js/thickbox/thickbox.css]
[www.jichel.me/wp-content/plugins/LayerSlider/static/layerslider/css/layerslider.css]
[www.jichel.me/wp-content/plugins/contact-form-7/images/ajax-loader.gif]
[www.jichel.me/wp-content/plugins/contact-form-7/includes/css/styles.css]
[www.jichel.me/wp-content/plugins/revslider/public/assets/assets/gridtile.png]
[www.jichel.me/wp-content/plugins/revslider/public/assets/assets/gridtile_white.png]
[www.jichel.me/wp-content/plugins/revslider/public/assets/assets/gridtile_3x3.png]
[www.jichel.me/wp-content/plugins/revslider/public/assets/assets/gridtile_3x3_white.png]
[www.jichel.me/wp-content/plugins/revslider/public/assets/assets/coloredbg.png]
[www.jichel.me/wp-content/plugins/revslider/public/assets/assets/loader.gif]
[www.jichel.me/wp-content/plugins/revslider/public/assets/css/settings.css]
[www.jichel.me/wp-content/plugins/wp-advanced-pdf/asset/css/front_end.css]
[www.jichel.me/wp-content/themes/creativo/images/prettyPhoto/default/sprite.png]
[www.jichel.me/wp-content/themes/creativo/images/prettyPhoto/default/sprite_x.png]
[www.jichel.me/wp-content/themes/creativo/images/prettyPhoto/default/sprite_y.png]
[www.jichel.me/wp-content/themes/creativo/images/prettyPhoto/default/sprite_next.png]
[www.jichel.me/wp-content/themes/creativo/images/prettyPhoto/default/sprite_prev.png]
[www.jichel.me/wp-content/themes/creativo/images/prettyPhoto/default/default_thumb.png]
[www.jichel.me/wp-content/themes/creativo/images/prettyPhoto/default/loader.gif]
[www.jichel.me/wp-content/themes/creativo/images/prettyPhoto/light_rounded/sprite.png]
[www.jichel.me/wp-content/themes/creativo/images/prettyPhoto/light_rounded/btnNext.png]
[www.jichel.me/wp-content/themes/creativo/images/prettyPhoto/light_rounded/btnPrevious.png]
[www.jichel.me/wp-content/themes/creativo/images/prettyPhoto/dark_rounded/sprite.png]
[www.jichel.me/wp-content/themes/creativo/images/prettyPhoto/dark_rounded/contentPattern.png]
[www.jichel.me/wp-content/themes/creativo/images/prettyPhoto/dark_rounded/btnNext.png]
[www.jichel.me/wp-content/themes/creativo/images/prettyPhoto/dark_rounded/btnPrevious.png]
[www.jichel.me/wp-content/themes/creativo/images/prettyPhoto/dark_rounded/loader.gif]
[www.jichel.me/wp-content/themes/creativo/images/prettyPhoto/dark_square/loader.gif]
[www.jichel.me/wp-content/themes/creativo/images/prettyPhoto/dark_square/sprite.png]
[www.jichel.me/wp-content/themes/creativo/images/prettyPhoto/dark_square/btnNext.png]
[www.jichel.me/wp-content/themes/creativo/images/prettyPhoto/dark_square/btnPrevious.png]
[www.jichel.me/wp-content/themes/creativo/images/prettyPhoto/light_square/sprite.png]
[www.jichel.me/wp-content/themes/creativo/images/prettyPhoto/light_square/btnNext.png]
[www.jichel.me/wp-content/themes/creativo/images/prettyPhoto/light_square/btnPrevious.png]
[www.jichel.me/wp-content/themes/creativo/images/prettyPhoto/facebook/sprite.png]
[www.jichel.me/wp-content/themes/creativo/images/prettyPhoto/facebook/contentPatternTop.png]
[www.jichel.me/wp-content/themes/creativo/images/prettyPhoto/facebook/contentPatternLeft.png]
[www.jichel.me/wp-content/themes/creativo/images/prettyPhoto/facebook/contentPatternRight.png]
[www.jichel.me/wp-content/themes/creativo/images/prettyPhoto/facebook/loader.gif]
[www.jichel.me/wp-content/themes/creativo/images/prettyPhoto/facebook/btnNext.png]
[www.jichel.me/wp-content/themes/creativo/images/prettyPhoto/facebook/btnPrevious.png]
[www.jichel.me/wp-content/themes/creativo/images/prettyPhoto/facebook/contentPatternBottom.png]
[www.jichel.me/wp-content/themes/creativo/images/prettyPhoto/facebook/default_thumbnail.gif]
[www.jichel.me/wp-content/themes/creativo/images/prettyPhoto/light_rounded/loader.gif]
[www.jichel.me/wp-content/themes/creativo/images/icons/phone-white.png]
[www.jichel.me/wp-content/themes/creativo/images/slider-texture.png]
[www.jichel.me/wp-content/themes/creativo/images/arrow-prev.png]
[www.jichel.me/wp-content/themes/creativo/images/arrow-next.png]
[www.jichel.me/wp-content/themes/creativo/images/icons-bottom.png]
[www.jichel.me/wp-content/themes/creativo/images/tri-comments.png]
[www.jichel.me/wp-content/themes/creativo/images/dots.png]
[www.jichel.me/wp-content/themes/creativo/images/toggles/testimonials.gif]
[www.jichel.me/wp-content/themes/creativo/images/quotes.png]
[www.jichel.me/wp-content/themes/creativo/images/bullets/bullet1.png]
[www.jichel.me/wp-content/themes/creativo/images/bullets/bullet2.png]
[www.jichel.me/wp-content/themes/creativo/images/bullets/bullet3.png]
[www.jichel.me/wp-content/themes/creativo/images/bullets/bullet4.png]
[www.jichel.me/wp-content/themes/creativo/images/bullets/bullet5.png]
[www.jichel.me/wp-content/themes/creativo/images/bullets/bullet6.png]
[www.jichel.me/wp-content/themes/creativo/images/bullets/bullet7.png]
[www.jichel.me/wp-content/themes/images/arrow-bullet.png]
[www.jichel.me/wp-content/themes/creativo/images/icons/go-up.png]
[www.jichel.me/wp-content/themes/creativo/owl.video.play.png]
[www.jichel.me/wp-content/themes/creativo/theme/bg_control_nav3.png]
[www.jichel.me/wp-content/themes/creativo/css/woo/WooCommerce.eot]
[www.jichel.me/wp-content/themes/creativo/css/woo/WooCommerced41d.eot]
[www.jichel.me/wp-content/themes/creativo/css/woo/WooCommerce.woff]
[www.jichel.me/wp-content/themes/creativo/css/woo/WooCommerce.ttf]
[www.jichel.me/wp-content/themes/creativo/css/woo/star.eot]
[www.jichel.me/wp-content/themes/creativo/css/woo/stard41d.eot]
[www.jichel.me/wp-content/themes/creativo/css/woo/star.woff]
[www.jichel.me/wp-content/themes/creativo/css/woo/star.ttf]
[www.jichel.me/wp-content/themes/creativo/fonts/neosans-medium-webfont.eot]
[www.jichel.me/wp-content/themes/creativo/fonts/neosans-medium-webfontd41d.eot]
[www.jichel.me/wp-content/themes/creativo/fonts/neosans-medium-webfont.woff]
[www.jichel.me/wp-content/themes/creativo/fonts/neosans-medium-webfont.ttf]
[www.jichel.me/wp-content/themes/creativo/fonts/neosans-medium-webfont.svg]
[www.jichel.me/wp-content/themes/creativo/fonts/proximanova-light-webfont.eot]
[www.jichel.me/wp-content/themes/creativo/fonts/proximanova-light-webfontd41d.eot]
[www.jichel.me/wp-content/themes/creativo/fonts/proximanova-light-webfont.woff]
[www.jichel.me/wp-content/themes/creativo/fonts/proximanova-light-webfont.ttf]
[www.jichel.me/wp-content/themes/creativo/fonts/proximanova-light-webfont.svg]
[www.jichel.me/wp-content/themes/creativo/images/sprite.png]
[www.jichel.me/wp-content/themes/creativo/images/jichel-main.jpg]
[www.jichel.me/wp-content/themes/creativo/style.css]
[www.jichel.me/wp-content/themes/creativo/css/fontawesome/css/font-awesome.css]
[www.jichel.me/wp-content/themes/creativo/css/customfonts/css/style.css]
[www.jichel.me/wp-content/themes/creativo/css/responsive.css]
[www.jichel.me/wp-content/plugins/js_composer/assets/vc/alert.png]
[www.jichel.me/wp-content/plugins/js_composer/assets/vc/info.png]
[www.jichel.me/wp-content/plugins/js_composer/assets/vc/tick.png]
[www.jichel.me/wp-content/plugins/js_composer/assets/vc/exclamation.png]
[www.jichel.me/wp-content/plugins/js_composer/assets/images/icons/address-book.png]
[www.jichel.me/wp-content/plugins/js_composer/assets/images/icons/alarm-clock.png]
[www.jichel.me/wp-content/plugins/js_composer/assets/images/icons/anchor.png]
[www.jichel.me/wp-content/plugins/js_composer/assets/images/icons/application-image.png]
[www.jichel.me/wp-content/plugins/js_composer/assets/images/icons/arrow.png]
[www.jichel.me/wp-content/plugins/js_composer/assets/images/icons/asterisk.png]
[www.jichel.me/wp-content/plugins/js_composer/assets/images/icons/auction-hammer.png]
[www.jichel.me/wp-content/plugins/js_composer/assets/images/icons/balloon.png]
[www.jichel.me/wp-content/plugins/js_composer/assets/images/icons/balloon-buzz.png]
[www.jichel.me/wp-content/plugins/js_composer/assets/images/icons/balloon-facebook.png]
[www.jichel.me/wp-content/plugins/js_composer/assets/images/icons/balloon-twitter.png]
[www.jichel.me/wp-content/plugins/js_composer/assets/images/icons/battery-full.png]
[www.jichel.me/wp-content/plugins/js_composer/assets/images/icons/binocular.png]
[www.jichel.me/wp-content/plugins/js_composer/assets/images/icons/blue-document-excel.png]
[www.jichel.me/wp-content/plugins/js_composer/assets/images/icons/blue-document-image.png]
[www.jichel.me/wp-content/plugins/js_composer/assets/images/icons/blue-document-music.png]
[www.jichel.me/wp-content/plugins/js_composer/assets/images/icons/blue-document-office.png]
[www.jichel.me/wp-content/plugins/js_composer/assets/images/icons/blue-document-pdf.png]
[www.jichel.me/wp-content/plugins/js_composer/assets/images/icons/blue-document-powerpoint.png]
[www.jichel.me/wp-content/plugins/js_composer/assets/images/icons/blue-document-word.png]
[www.jichel.me/wp-content/plugins/js_composer/assets/images/icons/bookmark.png]
[www.jichel.me/wp-content/plugins/js_composer/assets/images/icons/camcorder.png]
[www.jichel.me/wp-content/plugins/js_composer/assets/images/icons/camera.png]
[www.jichel.me/wp-content/plugins/js_composer/assets/images/icons/chart.png]
[www.jichel.me/wp-content/plugins/js_composer/assets/images/icons/chart-pie.png]
[www.jichel.me/wp-content/plugins/js_composer/assets/images/icons/clock.png]
[www.jichel.me/wp-content/plugins/js_composer/assets/images/icons/control.png]
[www.jichel.me/wp-content/plugins/js_composer/assets/images/icons/fire.png]
[www.jichel.me/wp-content/plugins/js_composer/assets/images/icons/heart.png]
[www.jichel.me/wp-content/plugins/js_composer/assets/images/icons/mail.png]
[www.jichel.me/wp-content/plugins/js_composer/assets/images/icons/plus-shield.png]
[www.jichel.me/wp-content/plugins/js_composer/assets/images/icons/video.png]
[www.jichel.me/wp-content/plugins/js_composer/assets/images/toggle_open.png]
[www.jichel.me/wp-content/plugins/js_composer/assets/images/toggle_close.png]
[www.jichel.me/wp-content/plugins/js_composer/assets/images/flickr.png]
[www.jichel.me/wp-content/plugins/js_composer/assets/images/spinner.gif]
[www.jichel.me/wp-content/plugins/js_composer/assets/vc/remove.png]
[www.jichel.me/wp-content/plugins/js_composer/assets/css/js_composer.min.css]
[www.jichel.me/wp-content/themes/creativo/images/toggle_open.png]
[www.jichel.me/wp-content/themes/creativo/images/toggle_close.png]
[www.jichel.me/wp-content/themes/creativo/css/vc_style.min.css]
[img1.wsimg.com/tcc/tcc_l.combined.1.0.6.min.js]
[www.jichel.me/wp-content/plugins/revslider/public/assets/css/openhand.html]
[www.jichel.me/wp-content/plugins/revslider/public/assets/css/closedhand.html]
[www.jichel.me/wp-content/themes/creativo/images/slider-texture.html]
[www.jichel.me/wp-content/themes/images/arrow-bullet.html]
[www.jichel.me/wp-content/themes/creativo/owl.video.play.html]
[www.jichel.me/wp-content/themes/creativo/theme/bg_control_nav3.html]
[www.jichel.me/wp-content/themes/creativo/css/woo/WooCommerce.svg]
[www.jichel.me/wp-content/themes/creativo/css/woo/star.svg]
[www.jichel.me/wp-content/themes/creativo/fonts/neosans-medium-webfont.html]
[www.jichel.me/wp-content/themes/creativo/fonts/neosans-medium-webfontd41d.html]
[www.jichel.me/wp-content/themes/creativo/fonts/neosans-medium-webfont-2.html]
[www.jichel.me/wp-content/themes/creativo/fonts/neosans-medium-webfont-3.html]
[www.jichel.me/wp-content/themes/creativo/fonts/proximanova-light-webfont.html]
[www.jichel.me/wp-content/themes/creativo/fonts/proximanova-light-webfontd41d.html]
[www.jichel.me/wp-content/themes/creativo/fonts/proximanova-light-webfont-2.html]
[www.jichel.me/wp-content/themes/creativo/fonts/proximanova-light-webfont-3.html]
[www.jichel.me/wp-content/themes/creativo/images/sprite.html]
[www.jichel.me/wp-content/themes/creativo/images/toggle_open.html]
[www.jichel.me/wp-content/themes/creativo/images/toggle_close.html]
